// Jest Snapshot v1, https://goo.gl/fbAQLP

exports[`Doesn't support manually defined envs 1`] = `
Object {
  "APP_TEST_OVERRIDE": "overridden",
  "APP_TEST_PATH": "one/two/three.js",
  "TEST_IGNORE": "123",
}
`;

exports[`Doesn't support manually defined envs 2`] = `
Object {
  "APP_TEST_OVERRIDE": "\\"overridden\\"",
  "APP_TEST_PATH": "\\"one/two/three.js\\"",
  "TEST_IGNORE": "\\"123\\"",
}
`;
